// Jest Snapshot v1, https://goo.gl/fbAQLP

exports[`Post renders correctly 1`] = `
<div
  className="post"
>
  <article
    className="content"
  >
    <h1
      className="content__title "
    >
      test
    </h1>
    <h2
      className="content__subtitle"
    >
      test
    </h2>
    <div
      className="content__date"
    >
      <p
        className="content-date"
      >
        <time>
          March 14, 2019
        </time>
        )}
      </p>
    </div>
    <div
      className="content__spacer"
    />
    <div
      className="content__body"
    />
  </article>
  <div
    className="post__footer"
  >
    <div
      className="tags"
    >
      <ul
        className="tags__list"
      >
        <li
          className="tags__list-title"
        >
          <h4
            className="tags__title"
          >
            Tags:
          </h4>
        </li>
        <li
          className="tags__list-item"
        >
          <Link
            className="tags__list-item-link"
            to="/test_0"
          >
            test_0
          </Link>
        </li>
        <li
          className="tags__list-item"
        >
          <Link
            className="tags__list-item-link"
            to="/test_1"
          >
            test_1
          </Link>
        </li>
      </ul>
    </div>
    <div
      className="readmore"
    >
      <h4
        className="readmore-title"
      >
        YOU MIGHT ALSO LIKE
      </h4>
      <div
        className="readmore-links"
      >
        <div>
          <Link
            onClick={[Function]}
            to="test"
          >
            <img
              alt="test"
              className="readmore-thumbnail"
              loading="lazy"
            />
          </Link>
          <Link
            onClick={[Function]}
            to="test"
          >
            <b>
              test
            </b>
          </Link>
          <p>
            <b>
              March 14, 2019
            </b>
          </p>
          <p>
            test
          </p>
        </div>
        <div>
          <Link
            onClick={[Function]}
            to="test"
          >
            <img
              alt="test"
              className="readmore-thumbnail"
              loading="lazy"
            />
          </Link>
          <Link
            onClick={[Function]}
            to="test"
          >
            <b>
              test
            </b>
          </Link>
          <p>
            <b>
              March 14, 2019
            </b>
          </p>
          <p>
            test
          </p>
        </div>
      </div>
    </div>
    <div
      className="post__authorContainer"
    >
      <StaticQuery
        render={[Function]}
      />
    </div>
  </div>
</div>
`;
